[C:/Users/Администратор.000/Desktop/Копии Iphone/backblue.gif]
[C:/Users/Администратор.000/Desktop/Копии Iphone/fade.gif]
[C:/Users/Администратор.000/Desktop/Копии Iphone/index.html]
[C:/Users/Администратор.000/Desktop/Копии Iphone/mobi-iphone.ru/img/bg/main.jpg]
[C:/Users/Администратор.000/Desktop/Копии Iphone/mobi-iphone.ru/img/iphone/iphone-white.png]
[C:/Users/Администратор.000/Desktop/Копии Iphone/mobi-iphone.ru/img/iphone/iphone-black.png]
[C:/Users/Администратор.000/Desktop/Копии Iphone/mobi-iphone.ru/img/iphone/iphone-gold.png]
[C:/Users/Администратор.000/Desktop/Копии Iphone/mobi-iphone.ru/img/iphone/iphone-rose.png]
[C:/Users/Администратор.000/Desktop/Копии Iphone/mobi-iphone.ru/img/iphone/iphone-white.1.png]
[C:/Users/Администратор.000/Desktop/Копии Iphone/mobi-iphone.ru/img/iphone/iphone-black.1.png]
[C:/Users/Администратор.000/Desktop/Копии Iphone/mobi-iphone.ru/img/iphone/iphone-gold.1.png]
[C:/Users/Администратор.000/Desktop/Копии Iphone/mobi-iphone.ru/img/iphone/iphone-rose.1.png]
[C:/Users/Администратор.000/Desktop/Копии Iphone/mobi-iphone.ru/img/iphone/iphone-2items.png]
[C:/Users/Администратор.000/Desktop/Копии Iphone/mobi-iphone.ru/img/iphone/iphone7-white.png]
[C:/Users/Администратор.000/Desktop/Копии Iphone/mobi-iphone.ru/img/iphone/iphone7-black.png]
[C:/Users/Администратор.000/Desktop/Копии Iphone/mobi-iphone.ru/img/iphone/iphone7-gold.png]
[C:/Users/Администратор.000/Desktop/Копии Iphone/mobi-iphone.ru/img/iphone/iphone7-rose.png]
[C:/Users/Администратор.000/Desktop/Копии Iphone/mobi-iphone.ru/img/iphone/iphone7plus-white.png]
[C:/Users/Администратор.000/Desktop/Копии Iphone/mobi-iphone.ru/img/iphone/iphone7plus-black.png]
[C:/Users/Администратор.000/Desktop/Копии Iphone/mobi-iphone.ru/img/iphone/iphone7plus-gold.png]
[C:/Users/Администратор.000/Desktop/Копии Iphone/mobi-iphone.ru/img/iphone/iphone7plus-rose.png]
[C:/Users/Администратор.000/Desktop/Копии Iphone/mobi-iphone.ru/img/iphone/pack-iphone.png]
[C:/Users/Администратор.000/Desktop/Копии Iphone/mobi-iphone.ru/img/iphone/pack-lightning.png]
[C:/Users/Администратор.000/Desktop/Копии Iphone/mobi-iphone.ru/img/iphone/pack-earpods.png]
[C:/Users/Администратор.000/Desktop/Копии Iphone/mobi-iphone.ru/img/iphone/pack-power-adapter.png]
[C:/Users/Администратор.000/Desktop/Копии Iphone/mobi-iphone.ru/img/iphone/pack-box.jpg]
[C:/Users/Администратор.000/Desktop/Копии Iphone/mobi-iphone.ru/img/iphone/cover.jpg]
[C:/Users/Администратор.000/Desktop/Копии Iphone/mobi-iphone.ru/img/delivery.jpg]
[C:/Users/Администратор.000/Desktop/Копии Iphone/mobi-iphone.ru/img/guarantee.gif]
[C:/Users/Администратор.000/Desktop/Копии Iphone/mobi-iphone.ru/img/t1.jpg]
[C:/Users/Администратор.000/Desktop/Копии Iphone/mobi-iphone.ru/img/t2.jpg]
[C:/Users/Администратор.000/Desktop/Копии Iphone/mobi-iphone.ru/img/t3.jpg]
[C:/Users/Администратор.000/Desktop/Копии Iphone/mobi-iphone.ru/img/shape/shape-2.png]
[C:/Users/Администратор.000/Desktop/Копии Iphone/mobi-iphone.ru/img/shape/shape-1.png]
[C:/Users/Администратор.000/Desktop/Копии Iphone/mobi-iphone.ru/index.html]
[C:/Users/Администратор.000/Desktop/Копии Iphone/mobi-iphone.ru/fonts/glyphicons-halflings-regular.eot]
[C:/Users/Администратор.000/Desktop/Копии Iphone/mobi-iphone.ru/fonts/glyphicons-halflings-regulard41d.eot]
[C:/Users/Администратор.000/Desktop/Копии Iphone/mobi-iphone.ru/fonts/glyphicons-halflings-regular.woff2]
[C:/Users/Администратор.000/Desktop/Копии Iphone/mobi-iphone.ru/fonts/glyphicons-halflings-regular.woff]
[C:/Users/Администратор.000/Desktop/Копии Iphone/mobi-iphone.ru/fonts/glyphicons-halflings-regular.ttf]
[C:/Users/Администратор.000/Desktop/Копии Iphone/mobi-iphone.ru/css/bootstrap.min.css]
[C:/Users/Администратор.000/Desktop/Копии Iphone/mobi-iphone.ru/fonts/fontawesome-webfont3e6e.eot]
[C:/Users/Администратор.000/Desktop/Копии Iphone/mobi-iphone.ru/fonts/fontawesome-webfontd41d.eot]
[C:/Users/Администратор.000/Desktop/Копии Iphone/mobi-iphone.ru/fonts/fontawesome-webfont3e6e.woff2]
[C:/Users/Администратор.000/Desktop/Копии Iphone/mobi-iphone.ru/fonts/fontawesome-webfont3e6e.woff]
[C:/Users/Администратор.000/Desktop/Копии Iphone/mobi-iphone.ru/fonts/fontawesome-webfont3e6e.ttf]
[C:/Users/Администратор.000/Desktop/Копии Iphone/mobi-iphone.ru/css/font-awesome.min.css]
[C:/Users/Администратор.000/Desktop/Копии Iphone/mobi-iphone.ru/css/hover.min.css]
[C:/Users/Администратор.000/Desktop/Копии Iphone/mobi-iphone.ru/img/prettyphoto/sprite.png]
[C:/Users/Администратор.000/Desktop/Копии Iphone/mobi-iphone.ru/img/prettyphoto/sprite_x.png]
[C:/Users/Администратор.000/Desktop/Копии Iphone/mobi-iphone.ru/img/prettyphoto/sprite_y.png]
[C:/Users/Администратор.000/Desktop/Копии Iphone/mobi-iphone.ru/img/prettyphoto/sprite_next.png]
[C:/Users/Администратор.000/Desktop/Копии Iphone/mobi-iphone.ru/img/prettyphoto/sprite_prev.png]
[C:/Users/Администратор.000/Desktop/Копии Iphone/mobi-iphone.ru/img/prettyphoto/default_thumb.png]
[C:/Users/Администратор.000/Desktop/Копии Iphone/mobi-iphone.ru/img/prettyphoto/loader.gif]
[C:/Users/Администратор.000/Desktop/Копии Iphone/mobi-iphone.ru/css/pretty.photo.css]
[C:/Users/Администратор.000/Desktop/Копии Iphone/mobi-iphone.ru/css/owl.carousel.css]
[C:/Users/Администратор.000/Desktop/Копии Iphone/mobi-iphone.ru/fonts/icofont7858.eot]
[C:/Users/Администратор.000/Desktop/Копии Iphone/mobi-iphone.ru/fonts/icofont7858.ttf]
[C:/Users/Администратор.000/Desktop/Копии Iphone/mobi-iphone.ru/fonts/icofont7858.woff]
[C:/Users/Администратор.000/Desktop/Копии Iphone/mobi-iphone.ru/css/icofont.css]
[C:/Users/Администратор.000/Desktop/Копии Iphone/mobi-iphone.ru/css/animate.css]
[C:/Users/Администратор.000/Desktop/Копии Iphone/mobi-iphone.ru/css/custom/style1679.css]
[C:/Users/Администратор.000/Desktop/Копии Iphone/mobi-iphone.ru/css/custom/update_style.css]
[C:/Users/Администратор.000/Desktop/Копии Iphone/mobi-iphone.ru/js/jquery.min.js]
[C:/Users/Администратор.000/Desktop/Копии Iphone/mobi-iphone.ru/js/bootstrap.min.js]
[C:/Users/Администратор.000/Desktop/Копии Iphone/mobi-iphone.ru/js/jquery.prettyphoto.min.js]
[C:/Users/Администратор.000/Desktop/Копии Iphone/mobi-iphone.ru/js/jquery.parallax.min.js]
[C:/Users/Администратор.000/Desktop/Копии Iphone/mobi-iphone.ru/js/waypoints.min.js]
[C:/Users/Администратор.000/Desktop/Копии Iphone/mobi-iphone.ru/js/onepage.nav.js]
[C:/Users/Администратор.000/Desktop/Копии Iphone/mobi-iphone.ru/js/counterup.min.js]
[C:/Users/Администратор.000/Desktop/Копии Iphone/mobi-iphone.ru/js/jquery.slicknav.min.js]
[C:/Users/Администратор.000/Desktop/Копии Iphone/mobi-iphone.ru/js/ajax/mail.ajaxc20a.js]
[C:/Users/Администратор.000/Desktop/Копии Iphone/mobi-iphone.ru/js/steller.js]
[C:/Users/Администратор.000/Desktop/Копии Iphone/mobi-iphone.ru/js/active8f14.js]
[C:/Users/Администратор.000/Desktop/Копии Iphone/mc.yandex.ru/metrika/watch.js]
[C:/Users/Администратор.000/Desktop/Копии Iphone/mobi-iphone.ru/fonts/glyphicons-halflings-regular.svg]
[C:/Users/Администратор.000/Desktop/Копии Iphone/mobi-iphone.ru/fonts/fontawesome-webfont3e6e.svg]
[C:/Users/Администратор.000/Desktop/Копии Iphone/mobi-iphone.ru/images/prettyPhoto/light_rounded/sprite.html]
[C:/Users/Администратор.000/Desktop/Копии Iphone/mobi-iphone.ru/images/prettyPhoto/light_rounded/btnNext.html]
[C:/Users/Администратор.000/Desktop/Копии Iphone/mobi-iphone.ru/images/prettyPhoto/light_rounded/btnPrevious.html]
[C:/Users/Администратор.000/Desktop/Копии Iphone/mobi-iphone.ru/images/prettyPhoto/dark_rounded/sprite.html]
[C:/Users/Администратор.000/Desktop/Копии Iphone/mobi-iphone.ru/images/prettyPhoto/dark_rounded/contentPattern.html]
[C:/Users/Администратор.000/Desktop/Копии Iphone/mobi-iphone.ru/images/prettyPhoto/dark_rounded/btnNext.html]
[C:/Users/Администратор.000/Desktop/Копии Iphone/mobi-iphone.ru/images/prettyPhoto/dark_rounded/btnPrevious.html]
[C:/Users/Администратор.000/Desktop/Копии Iphone/mobi-iphone.ru/images/prettyPhoto/dark_rounded/loader.html]
[C:/Users/Администратор.000/Desktop/Копии Iphone/mobi-iphone.ru/images/prettyPhoto/dark_square/loader.html]
[C:/Users/Администратор.000/Desktop/Копии Iphone/mobi-iphone.ru/images/prettyPhoto/dark_square/sprite.html]
[C:/Users/Администратор.000/Desktop/Копии Iphone/mobi-iphone.ru/images/prettyPhoto/dark_square/btnNext.html]
[C:/Users/Администратор.000/Desktop/Копии Iphone/mobi-iphone.ru/images/prettyPhoto/dark_square/btnPrevious.html]
[C:/Users/Администратор.000/Desktop/Копии Iphone/mobi-iphone.ru/images/prettyPhoto/light_square/sprite.html]
[C:/Users/Администратор.000/Desktop/Копии Iphone/mobi-iphone.ru/images/prettyPhoto/light_square/btnNext.html]
[C:/Users/Администратор.000/Desktop/Копии Iphone/mobi-iphone.ru/images/prettyPhoto/light_square/btnPrevious.html]
[C:/Users/Администратор.000/Desktop/Копии Iphone/mobi-iphone.ru/images/prettyPhoto/facebook/sprite.html]
[C:/Users/Администратор.000/Desktop/Копии Iphone/mobi-iphone.ru/images/prettyPhoto/facebook/contentPatternTop.html]
[C:/Users/Администратор.000/Desktop/Копии Iphone/mobi-iphone.ru/images/prettyPhoto/facebook/contentPatternLeft.html]
[C:/Users/Администратор.000/Desktop/Копии Iphone/mobi-iphone.ru/images/prettyPhoto/facebook/contentPatternRight.html]
[C:/Users/Администратор.000/Desktop/Копии Iphone/mobi-iphone.ru/images/prettyPhoto/facebook/loader.html]
[C:/Users/Администратор.000/Desktop/Копии Iphone/mobi-iphone.ru/images/prettyPhoto/facebook/btnNext.html]
[C:/Users/Администратор.000/Desktop/Копии Iphone/mobi-iphone.ru/images/prettyPhoto/facebook/btnPrevious.html]
[C:/Users/Администратор.000/Desktop/Копии Iphone/mobi-iphone.ru/images/prettyPhoto/facebook/contentPatternBottom.html]
[C:/Users/Администратор.000/Desktop/Копии Iphone/mobi-iphone.ru/images/prettyPhoto/facebook/default_thumbnail.html]
[C:/Users/Администратор.000/Desktop/Копии Iphone/mobi-iphone.ru/images/prettyPhoto/light_rounded/loader.html]
[C:/Users/Администратор.000/Desktop/Копии Iphone/mobi-iphone.ru/css/owl.video.play.html]
[C:/Users/Администратор.000/Desktop/Копии Iphone/mobi-iphone.ru/fonts/icofont7858.svg]
[C:/Users/Администратор.000/Desktop/Копии Iphone/mobi-iphone.ru/img/bootstrap-colorpicker/saturation.html]
[C:/Users/Администратор.000/Desktop/Копии Iphone/mobi-iphone.ru/img/bootstrap-colorpicker/hue.html]
[C:/Users/Администратор.000/Desktop/Копии Iphone/mobi-iphone.ru/img/bootstrap-colorpicker/alpha.html]
[C:/Users/Администратор.000/Desktop/Копии Iphone/mobi-iphone.ru/img/bootstrap-colorpicker/hue-horizontal.html]
[C:/Users/Администратор.000/Desktop/Копии Iphone/mobi-iphone.ru/img/bootstrap-colorpicker/alpha-horizontal.html]
[C:/Users/Администратор.000/Desktop/Копии Iphone/mobi-iphone.ru/img/03.html]
[C:/Users/Администратор.000/Desktop/Копии Iphone/mobi-iphone.ru/Popover requires tooltip.html]
[C:/Users/Администратор.000/Desktop/Копии Iphone/mobi-iphone.ru/youtu.be/index.html]
[C:/Users/Администратор.000/Desktop/Копии Iphone/mobi-iphone.ru/get.html]
[C:/Users/Администратор.000/Desktop/Копии Iphone/mobi-iphone.ru/path.html]
[C:/Users/Администратор.000/Desktop/Копии Iphone/mc.yandex.ru/metrika/watch_match.html]
